// Jest Snapshot v1, https://goo.gl/fbAQLP

exports[`AddMovieModal AddMovieModal Should match the snapshot 1`] = `
<div
  className="edit-movie-btn"
>
  <Button
    active={false}
    className="add-movie-btn"
    disabled={false}
    onClick={[Function]}
    type="button"
    variant="primary"
  >
    + Add Movie
  </Button>
  <Bootstrap(Modal)
    className="add-movie-modal"
    onHide={[Function]}
    show={false}
  >
    <ModalHeader
      closeButton={true}
      closeLabel="Close"
    >
      <ModalTitle>
        Add Movie
      </ModalTitle>
    </ModalHeader>
    <ModalBody>
      <form
        action="add-movie"
      >
        <label
          htmlFor="movie-name"
        >
          Title
        </label>
        <input
          id="movie-title"
          name="movie-title"
          onChange={[Function]}
          type="text"
          value=""
        />
        <label
          htmlFor="release-date"
        >
          Release Date
        </label>
        <input
          id="movie-release-date"
          name="movie-release-date"
          onChange={[Function]}
          type="text"
          value=""
        />
        <label
          htmlFor="movie-url"
        >
          Movie URL
        </label>
        <input
          id="movie-url"
          name="movie-url"
          onChange={[Function]}
          type="text"
          value=""
        />
        <label
          htmlFor="movie-genre"
        >
          Genre
        </label>
        <input
          id="movie-genre"
          name="movie-genre"
          onChange={[Function]}
          type="text"
          value=""
        />
        <label
          htmlFor="movie-overview"
        >
          Overview
        </label>
        <input
          id="movie-overview"
          name="movie-overview"
          onChange={[Function]}
          type="text"
          value=""
        />
        <label
          htmlFor="movie-runtime"
        >
          Runtime
        </label>
        <input
          id="movie-runtime"
          name="movie-runtime"
          onChange={[Function]}
          type="text"
          value=""
        />
      </form>
    </ModalBody>
    <ModalFooter>
      <Button
        active={false}
        disabled={false}
        id="add-reset-btn"
        onClick={[Function]}
        type="button"
        variant="secondary"
      >
        Reset
      </Button>
      <Button
        active={false}
        disabled={false}
        id="add-submit-btn"
        onClick={[Function]}
        type="button"
        variant="primary"
      >
        Submit
      </Button>
    </ModalFooter>
  </Bootstrap(Modal)>
</div>
`;
