// Jest Snapshot v1, https://goo.gl/fbAQLP

exports[`renders correctly 1`] = `
<div
  className="App"
>
  <div>
    <div
      className="header"
    >
      <div
        className="header-text"
      >
        <span
          className="netflix-span"
        >
          netflix
        </span>
        roulette
      </div>
      <div
        className="edit-movie-btn"
      >
        <button
          className="add-movie-btn btn btn-primary"
          disabled={false}
          onClick={[Function]}
          type="button"
        >
          + Add Movie
        </button>
      </div>
      <div
        className="search-and-results"
      >
        <h2
          className="find-movie"
        >
          Find your movie
        </h2>
        <input
          className="search-movie-input"
          id=""
          name="searchbar"
          placeholder="Search for your movie here"
          type="text"
        />
        <button
          className="movie-search-btn"
        >
          Search
        </button>
      </div>
    </div>
    <img
      alt="loading..."
      src="i-am-a-stubbed-file"
      style={
        Object {
          "display": "block",
          "margin": "auto",
          "width": "200px",
        }
      }
    />
  </div>
</div>
`;
